###############################################################################
#
# IAR ELF Linker V7.50.2.10312/W32 for ARM                11/May/2020  16:00:57
# Copyright 2007-2015 IAR Systems AB.
#
#    Output file  =  
#        C:\ВУЗ\Аспирантура\УЗ_сист\STM32\Oscilograf\STM32F411_Oscilograf_11_05_2020_2\STM32F411_Receiver\EWARM\STM32F411_Receiver\Exe\STM32F411_Receiver.out
#    Map file     =  
#        C:\ВУЗ\Аспирантура\УЗ_сист\STM32\Oscilograf\STM32F411_Oscilograf_11_05_2020_2\STM32F411_Receiver\EWARM\STM32F411_Receiver\List\STM32F411_Receiver.map
#    Command line =  
#        C:\ВУЗ\Аспирантура\УЗ_сист\STM32\Oscilograf\STM32F411_Oscilograf_11_05_2020_2\STM32F411_Receiver\EWARM\STM32F411_Receiver\Obj\main.o
#        C:\ВУЗ\Аспирантура\УЗ_сист\STM32\Oscilograf\STM32F411_Oscilograf_11_05_2020_2\STM32F411_Receiver\EWARM\STM32F411_Receiver\Obj\startup_stm32f411xe.o
#        C:\ВУЗ\Аспирантура\УЗ_сист\STM32\Oscilograf\STM32F411_Oscilograf_11_05_2020_2\STM32F411_Receiver\EWARM\STM32F411_Receiver\Obj\stm32f4xx_hal.o
#        C:\ВУЗ\Аспирантура\УЗ_сист\STM32\Oscilograf\STM32F411_Oscilograf_11_05_2020_2\STM32F411_Receiver\EWARM\STM32F411_Receiver\Obj\stm32f4xx_hal_adc.o
#        C:\ВУЗ\Аспирантура\УЗ_сист\STM32\Oscilograf\STM32F411_Oscilograf_11_05_2020_2\STM32F411_Receiver\EWARM\STM32F411_Receiver\Obj\stm32f4xx_hal_adc_ex.o
#        C:\ВУЗ\Аспирантура\УЗ_сист\STM32\Oscilograf\STM32F411_Oscilograf_11_05_2020_2\STM32F411_Receiver\EWARM\STM32F411_Receiver\Obj\stm32f4xx_hal_cortex.o
#        C:\ВУЗ\Аспирантура\УЗ_сист\STM32\Oscilograf\STM32F411_Oscilograf_11_05_2020_2\STM32F411_Receiver\EWARM\STM32F411_Receiver\Obj\stm32f4xx_hal_dma.o
#        C:\ВУЗ\Аспирантура\УЗ_сист\STM32\Oscilograf\STM32F411_Oscilograf_11_05_2020_2\STM32F411_Receiver\EWARM\STM32F411_Receiver\Obj\stm32f4xx_hal_dma_ex.o
#        C:\ВУЗ\Аспирантура\УЗ_сист\STM32\Oscilograf\STM32F411_Oscilograf_11_05_2020_2\STM32F411_Receiver\EWARM\STM32F411_Receiver\Obj\stm32f4xx_hal_flash.o
#        C:\ВУЗ\Аспирантура\УЗ_сист\STM32\Oscilograf\STM32F411_Oscilograf_11_05_2020_2\STM32F411_Receiver\EWARM\STM32F411_Receiver\Obj\stm32f4xx_hal_flash_ex.o
#        C:\ВУЗ\Аспирантура\УЗ_сист\STM32\Oscilograf\STM32F411_Oscilograf_11_05_2020_2\STM32F411_Receiver\EWARM\STM32F411_Receiver\Obj\stm32f4xx_hal_flash_ramfunc.o
#        C:\ВУЗ\Аспирантура\УЗ_сист\STM32\Oscilograf\STM32F411_Oscilograf_11_05_2020_2\STM32F411_Receiver\EWARM\STM32F411_Receiver\Obj\stm32f4xx_hal_gpio.o
#        C:\ВУЗ\Аспирантура\УЗ_сист\STM32\Oscilograf\STM32F411_Oscilograf_11_05_2020_2\STM32F411_Receiver\EWARM\STM32F411_Receiver\Obj\stm32f4xx_hal_msp.o
#        C:\ВУЗ\Аспирантура\УЗ_сист\STM32\Oscilograf\STM32F411_Oscilograf_11_05_2020_2\STM32F411_Receiver\EWARM\STM32F411_Receiver\Obj\stm32f4xx_hal_pwr.o
#        C:\ВУЗ\Аспирантура\УЗ_сист\STM32\Oscilograf\STM32F411_Oscilograf_11_05_2020_2\STM32F411_Receiver\EWARM\STM32F411_Receiver\Obj\stm32f4xx_hal_pwr_ex.o
#        C:\ВУЗ\Аспирантура\УЗ_сист\STM32\Oscilograf\STM32F411_Oscilograf_11_05_2020_2\STM32F411_Receiver\EWARM\STM32F411_Receiver\Obj\stm32f4xx_hal_rcc.o
#        C:\ВУЗ\Аспирантура\УЗ_сист\STM32\Oscilograf\STM32F411_Oscilograf_11_05_2020_2\STM32F411_Receiver\EWARM\STM32F411_Receiver\Obj\stm32f4xx_hal_rcc_ex.o
#        C:\ВУЗ\Аспирантура\УЗ_сист\STM32\Oscilograf\STM32F411_Oscilograf_11_05_2020_2\STM32F411_Receiver\EWARM\STM32F411_Receiver\Obj\stm32f4xx_hal_tim.o
#        C:\ВУЗ\Аспирантура\УЗ_сист\STM32\Oscilograf\STM32F411_Oscilograf_11_05_2020_2\STM32F411_Receiver\EWARM\STM32F411_Receiver\Obj\stm32f4xx_hal_tim_ex.o
#        C:\ВУЗ\Аспирантура\УЗ_сист\STM32\Oscilograf\STM32F411_Oscilograf_11_05_2020_2\STM32F411_Receiver\EWARM\STM32F411_Receiver\Obj\stm32f4xx_hal_uart.o
#        C:\ВУЗ\Аспирантура\УЗ_сист\STM32\Oscilograf\STM32F411_Oscilograf_11_05_2020_2\STM32F411_Receiver\EWARM\STM32F411_Receiver\Obj\stm32f4xx_it.o
#        C:\ВУЗ\Аспирантура\УЗ_сист\STM32\Oscilograf\STM32F411_Oscilograf_11_05_2020_2\STM32F411_Receiver\EWARM\STM32F411_Receiver\Obj\system_stm32f4xx.o
#        --redirect _Printf=_PrintfFull --redirect _Scanf=_ScanfFull -o
#        C:\ВУЗ\Аспирантура\УЗ_сист\STM32\Oscilograf\STM32F411_Oscilograf_11_05_2020_2\STM32F411_Receiver\EWARM\STM32F411_Receiver\Exe\STM32F411_Receiver.out
#        --map
#        C:\ВУЗ\Аспирантура\УЗ_сист\STM32\Oscilograf\STM32F411_Oscilograf_11_05_2020_2\STM32F411_Receiver\EWARM\STM32F411_Receiver\List\STM32F411_Receiver.map
#        --config
#        C:\ВУЗ\Аспирантура\УЗ_сист\STM32\Oscilograf\STM32F411_Oscilograf_11_05_2020_2\STM32F411_Receiver\EWARM/stm32f411xe_flash.icf
#        --semihosting --entry __iar_program_start --vfe
#
###############################################################################

*******************************************************************************
*** RUNTIME MODEL ATTRIBUTES
***

CppFlavor       = *
__SystemLibrary = DLib


*******************************************************************************
*** PLACEMENT SUMMARY
***

"A1":  place at 0x08000000 { ro section .intvec };
"P1":  place in [from 0x08000000 to 0x0807ffff] { ro };
"P2":  place in [from 0x20000000 to 0x2001ffff] { rw, block CSTACK, block HEAP };

  Section            Kind        Address    Size  Object
  -------            ----        -------    ----  ------
"A1":                                      0x198
  .intvec            ro code  0x08000000   0x198  startup_stm32f411xe.o [1]
                            - 0x08000198   0x198

"P1":                                     0x26b4
  .text              ro code  0x08000198   0x672  stm32f4xx_hal_adc.o [1]
  .text              ro code  0x0800080c   0x1a4  stm32f4xx_hal_msp.o [1]
  .text              ro code  0x080009b0   0x528  stm32f4xx_hal_dma.o [1]
  .text              ro code  0x08000ed8   0x16a  stm32f4xx_hal_cortex.o [1]
  .text              ro code  0x08001044   0x242  stm32f4xx_hal_gpio.o [1]
  .text              ro code  0x08001288   0x49e  main.o [1]
  .text              ro code  0x08001728    0xa4  stm32f4xx_hal.o [1]
  .text              ro code  0x080017cc    0x76  ABImemcpy_unaligned.o [5]
  .text              ro code  0x08001844   0x4e4  stm32f4xx_hal_uart.o [1]
  .text              ro code  0x08001d28   0x65c  stm32f4xx_hal_rcc.o [1]
  .text              ro code  0x08002384    0xee  I64DivMod.o [5]
  .text              ro code  0x08002474     0x2  I64DivZer.o [5]
  .rodata            const    0x08002478    0x7c  stm32f4xx_hal_msp.o [1]
  .rodata            const    0x080024f4    0x6c  main.o [1]
  .text              ro code  0x08002560    0x6c  system_stm32f4xx.o [1]
  .text              ro code  0x080025cc    0x40  zero_init3.o [5]
  .text              ro code  0x0800260c    0x34  stm32f4xx_it.o [1]
  .text              ro code  0x08002640    0x2c  copy_init3.o [5]
  .text              ro code  0x0800266c    0x28  data_init.o [5]
  .text              ro code  0x08002694    0x22  fpinit_M.o [4]
  .iar.init_table    const    0x080026b8    0x24  - Linker created -
  .text              ro code  0x080026dc    0x1a  cmain.o [5]
  .text              ro code  0x080026f6     0x4  low_level_init.o [3]
  .text              ro code  0x080026fa     0x4  exit.o [3]
  .text              ro code  0x08002700     0xa  cexit.o [5]
  .text              ro code  0x0800270c    0x14  exit.o [6]
  .rodata            const    0x08002720    0x10  system_stm32f4xx.o [1]
  .text              ro code  0x08002730    0x10  startup_stm32f411xe.o [1]
  Initializer bytes  const    0x08002740    0x10  <for P2-1>
  .text              ro code  0x08002750     0xc  cstartup_M.o [5]
  .rodata            const    0x0800275c     0x8  stm32f4xx_hal_dma.o [1]
  .rodata            const    0x08002764     0x8  system_stm32f4xx.o [1]
  .rodata            const    0x0800276c     0x4  main.o [1]
  .text              ro code  0x08002770     0x4  startup_stm32f411xe.o [1]
  .text              ro code  0x08002774     0x4  startup_stm32f411xe.o [1]
  .text              ro code  0x08002778     0x4  startup_stm32f411xe.o [1]
  .text              ro code  0x0800277c     0x4  startup_stm32f411xe.o [1]
  .text              ro code  0x08002780     0x4  startup_stm32f411xe.o [1]
  .text              ro code  0x08002784     0x4  startup_stm32f411xe.o [1]
  .text              ro code  0x08002788     0x4  startup_stm32f411xe.o [1]
  .text              ro code  0x0800278c     0x4  startup_stm32f411xe.o [1]
  .text              ro code  0x08002790     0x4  startup_stm32f411xe.o [1]
  .text              ro code  0x08002794     0x4  startup_stm32f411xe.o [1]
  .text              ro code  0x08002798     0x4  startup_stm32f411xe.o [1]
  .text              ro code  0x0800279c     0x4  startup_stm32f411xe.o [1]
  .text              ro code  0x080027a0     0x4  startup_stm32f411xe.o [1]
  .text              ro code  0x080027a4     0x4  startup_stm32f411xe.o [1]
  .text              ro code  0x080027a8     0x4  startup_stm32f411xe.o [1]
  .text              ro code  0x080027ac     0x4  startup_stm32f411xe.o [1]
  .text              ro code  0x080027b0     0x4  startup_stm32f411xe.o [1]
  .text              ro code  0x080027b4     0x4  startup_stm32f411xe.o [1]
  .text              ro code  0x080027b8     0x4  startup_stm32f411xe.o [1]
  .text              ro code  0x080027bc     0x4  startup_stm32f411xe.o [1]
  .text              ro code  0x080027c0     0x4  startup_stm32f411xe.o [1]
  .text              ro code  0x080027c4     0x4  startup_stm32f411xe.o [1]
  .text              ro code  0x080027c8     0x4  startup_stm32f411xe.o [1]
  .text              ro code  0x080027cc     0x4  startup_stm32f411xe.o [1]
  .text              ro code  0x080027d0     0x4  startup_stm32f411xe.o [1]
  .text              ro code  0x080027d4     0x4  startup_stm32f411xe.o [1]
  .text              ro code  0x080027d8     0x4  startup_stm32f411xe.o [1]
  .text              ro code  0x080027dc     0x4  startup_stm32f411xe.o [1]
  .text              ro code  0x080027e0     0x4  startup_stm32f411xe.o [1]
  .text              ro code  0x080027e4     0x4  startup_stm32f411xe.o [1]
  .text              ro code  0x080027e8     0x4  startup_stm32f411xe.o [1]
  .text              ro code  0x080027ec     0x4  startup_stm32f411xe.o [1]
  .text              ro code  0x080027f0     0x4  startup_stm32f411xe.o [1]
  .text              ro code  0x080027f4     0x4  startup_stm32f411xe.o [1]
  .text              ro code  0x080027f8     0x4  startup_stm32f411xe.o [1]
  .text              ro code  0x080027fc     0x4  startup_stm32f411xe.o [1]
  .text              ro code  0x08002800     0x4  startup_stm32f411xe.o [1]
  .text              ro code  0x08002804     0x4  startup_stm32f411xe.o [1]
  .text              ro code  0x08002808     0x4  startup_stm32f411xe.o [1]
  .text              ro code  0x0800280c     0x4  startup_stm32f411xe.o [1]
  .text              ro code  0x08002810     0x4  startup_stm32f411xe.o [1]
  .text              ro code  0x08002814     0x4  startup_stm32f411xe.o [1]
  .text              ro code  0x08002818     0x4  startup_stm32f411xe.o [1]
  .text              ro code  0x0800281c     0x4  startup_stm32f411xe.o [1]
  .text              ro code  0x08002820     0x4  startup_stm32f411xe.o [1]
  .text              ro code  0x08002824     0x4  startup_stm32f411xe.o [1]
  .text              ro code  0x08002828     0x4  startup_stm32f411xe.o [1]
  .text              ro code  0x0800282c     0x4  startup_stm32f411xe.o [1]
  .text              ro code  0x08002830     0x4  startup_stm32f411xe.o [1]
  .text              ro code  0x08002834     0x4  startup_stm32f411xe.o [1]
  .text              ro code  0x08002838     0x4  startup_stm32f411xe.o [1]
  .text              ro code  0x0800283c     0x4  startup_stm32f411xe.o [1]
  .text              ro code  0x08002840     0x4  startup_stm32f411xe.o [1]
  .text              ro code  0x08002844     0x4  startup_stm32f411xe.o [1]
  .text              ro code  0x08002848     0x4  startup_stm32f411xe.o [1]
  .rodata            const    0x0800284c     0x0  zero_init3.o [5]
  .rodata            const    0x0800284c     0x0  copy_init3.o [5]
                            - 0x0800284c  0x26b4

"P2", part 1 of 3:                          0x10
  P2-1                        0x20000000     0xd  <Init block>
    .data            inited   0x20000000     0x4  main.o [1]
    .data            inited   0x20000004     0x4  stm32f4xx_hal.o [1]
    .data            inited   0x20000008     0x4  system_stm32f4xx.o [1]
    .data            inited   0x2000000c     0x1  stm32f4xx_hal.o [1]
                            - 0x2000000d     0xd

"P2", part 2 of 3:                         0x400
  CSTACK                      0x20000010   0x400  <Block>
    CSTACK           uninit   0x20000010   0x400  <Block tail>
                            - 0x20000410   0x400

"P2", part 3 of 3:                        0x9d2c
  .bss               zero     0x20000410  0x9c40  main.o [1]
  .bss               zero     0x2000a050    0x60  main.o [1]
  .bss               zero     0x2000a0b0    0x48  main.o [1]
  .bss               zero     0x2000a0f8    0x40  main.o [1]
  .bss               zero     0x2000a138     0x4  stm32f4xx_hal.o [1]
                            - 0x2000a13c  0x9d2c


*******************************************************************************
*** INIT TABLE
***

          Address     Size
          -------     ----
Zero (__iar_zero_init3)
    1 destination range, total size 0x9d2c:
          0x20000410  0x9d2c

Copy (__iar_copy_init3)
    1 source range, total size 0x10 (123% of destination):
          0x08002740    0x10
    1 destination range, total size 0xd:
          0x20000000     0xd



*******************************************************************************
*** MODULE SUMMARY
***

    Module                  ro code  ro data  rw data
    ------                  -------  -------  -------
C:\ВУЗ\Аспирантура\УЗ_сист\STM32\Oscilograf\STM32F411_Oscilograf_11_05_2020_2\STM32F411_Receiver\EWARM\STM32F411_Receiver\Obj: [1]
    main.o                    1 182      116   40 236
    startup_stm32f411xe.o       644
    stm32f4xx_hal.o             164        5        9
    stm32f4xx_hal_adc.o       1 650
    stm32f4xx_hal_cortex.o      362
    stm32f4xx_hal_dma.o       1 320        8
    stm32f4xx_hal_gpio.o        578
    stm32f4xx_hal_msp.o         420      124
    stm32f4xx_hal_rcc.o       1 628
    stm32f4xx_hal_uart.o      1 252
    stm32f4xx_it.o               52
    system_stm32f4xx.o          108       28        4
    -------------------------------------------------
    Total:                    9 360      281   40 249

command line: [2]
    -------------------------------------------------
    Total:

dl7M_tlf.a: [3]
    exit.o                        4
    low_level_init.o              4
    -------------------------------------------------
    Total:                        8

m7M_tls.a: [4]
    fpinit_M.o                   34
    -------------------------------------------------
    Total:                       34

rt7M_tl.a: [5]
    ABImemcpy_unaligned.o       118
    I64DivMod.o                 238
    I64DivZer.o                   2
    cexit.o                      10
    cmain.o                      26
    copy_init3.o                 44
    cstartup_M.o                 12
    data_init.o                  40
    zero_init3.o                 64
    -------------------------------------------------
    Total:                      554

shb_l.a: [6]
    exit.o                       20
    -------------------------------------------------
    Total:                       20

    Gaps                         16        4
    Linker created                        39    1 024
-----------------------------------------------------
    Grand Total:              9 992      324   41 273


*******************************************************************************
*** ENTRY LIST
***

Entry                      Address    Size  Type      Object
-----                      -------    ----  ----      ------
.iar.init_table$$Base   0x080026b8           --   Gb  - Linker created -
.iar.init_table$$Limit  0x080026dc           --   Gb  - Linker created -
?main                   0x080026dd          Code  Gb  cmain.o [5]
ADC_DMAConvCplt         0x08000775    0x6c  Code  Lc  stm32f4xx_hal_adc.o [1]
ADC_DMAError            0x080007f1    0x1a  Code  Lc  stm32f4xx_hal_adc.o [1]
ADC_DMAHalfConvCplt     0x080007e1     0xe  Code  Lc  stm32f4xx_hal_adc.o [1]
ADC_Init                0x080005ff   0x158  Code  Lc  stm32f4xx_hal_adc.o [1]
AHBPrescTable           0x08002720    0x10  Data  Gb  system_stm32f4xx.o [1]
APBPrescTable           0x08002764     0x8  Data  Gb  system_stm32f4xx.o [1]
BusFault_Handler        0x08002613     0x2  Code  Gb  stm32f4xx_it.o [1]
CSTACK$$Base            0x20000010           --   Gb  - Linker created -
CSTACK$$Limit           0x20000410           --   Gb  - Linker created -
DMA2_Stream0_IRQHandler
                        0x08002633     0xa  Code  Gb  stm32f4xx_it.o [1]
DMA_CalcBaseAndBitshift
                        0x08000e03    0x2e  Code  Lc  stm32f4xx_hal_dma.o [1]
DMA_CheckFifoParam      0x08000e3d    0x9c  Code  Lc  stm32f4xx_hal_dma.o [1]
DMA_SetConfig           0x08000dd5    0x2e  Code  Lc  stm32f4xx_hal_dma.o [1]
DebugMon_Handler        0x08002619     0x2  Code  Gb  stm32f4xx_it.o [1]
EXTI3_IRQHandler        0x08002629     0xa  Code  Gb  stm32f4xx_it.o [1]
Get_UZ_Signal           0x080012cb    0x46  Code  Gb  main.o [1]
HAL_ADC_ConfigChannel   0x0800047b   0x184  Code  Gb  stm32f4xx_hal_adc.o [1]
HAL_ADC_ConvCpltCallback
                        0x08000475     0x2  Code  Wk  stm32f4xx_hal_adc.o [1]
HAL_ADC_ConvHalfCpltCallback
                        0x08000477     0x2  Code  Wk  stm32f4xx_hal_adc.o [1]
HAL_ADC_ErrorCallback   0x08000479     0x2  Code  Wk  stm32f4xx_hal_adc.o [1]
HAL_ADC_Init            0x08000199    0x66  Code  Gb  stm32f4xx_hal_adc.o [1]
HAL_ADC_MspInit         0x080008a3    0xa0  Code  Gb  stm32f4xx_hal_msp.o [1]
HAL_ADC_Start           0x080001ff    0xe8  Code  Gb  stm32f4xx_hal_adc.o [1]
HAL_ADC_Start_DMA       0x080002e7   0x12a  Code  Gb  stm32f4xx_hal_adc.o [1]
HAL_ADC_Stop_DMA        0x08000411    0x64  Code  Gb  stm32f4xx_hal_adc.o [1]
HAL_DMA_Abort           0x08000b2f    0x9c  Code  Gb  stm32f4xx_hal_dma.o [1]
HAL_DMA_IRQHandler      0x08000bcb   0x20a  Code  Gb  stm32f4xx_hal_dma.o [1]
HAL_DMA_Init            0x080009b1    0xe6  Code  Gb  stm32f4xx_hal_dma.o [1]
HAL_DMA_Start_IT        0x08000a97    0x98  Code  Gb  stm32f4xx_hal_dma.o [1]
HAL_GPIO_EXTI_Callback  0x08001285     0x2  Code  Wk  stm32f4xx_hal_gpio.o [1]
HAL_GPIO_EXTI_IRQHandler
                        0x08001237    0x1e  Code  Gb  stm32f4xx_hal_gpio.o [1]
HAL_GPIO_Init           0x08001045   0x1c6  Code  Gb  stm32f4xx_hal_gpio.o [1]
HAL_GPIO_ReadPin        0x0800120b    0x18  Code  Gb  stm32f4xx_hal_gpio.o [1]
HAL_GPIO_WritePin       0x08001223    0x14  Code  Gb  stm32f4xx_hal_gpio.o [1]
HAL_GetTick             0x080017b3     0x6  Code  Wk  stm32f4xx_hal.o [1]
HAL_IncTick             0x080017a3    0x10  Code  Wk  stm32f4xx_hal.o [1]
HAL_Init                0x08001729    0x3a  Code  Gb  stm32f4xx_hal.o [1]
HAL_InitTick            0x08001763    0x40  Code  Wk  stm32f4xx_hal.o [1]
HAL_MspInit             0x0800080d    0x96  Code  Gb  stm32f4xx_hal_msp.o [1]
HAL_NVIC_EnableIRQ      0x08000fdb     0xe  Code  Gb  stm32f4xx_hal_cortex.o [1]
HAL_NVIC_SetPriority    0x08000fb5    0x26  Code  Gb  stm32f4xx_hal_cortex.o [1]
HAL_NVIC_SetPriorityGrouping
                        0x08000fa9     0xc  Code  Gb  stm32f4xx_hal_cortex.o [1]
HAL_RCC_ClockConfig     0x0800211f   0x166  Code  Gb  stm32f4xx_hal_rcc.o [1]
HAL_RCC_GetHCLKFreq     0x08002313     0x6  Code  Gb  stm32f4xx_hal_rcc.o [1]
HAL_RCC_GetPCLK1Freq    0x08002319    0x16  Code  Gb  stm32f4xx_hal_rcc.o [1]
HAL_RCC_GetPCLK2Freq    0x0800232f    0x16  Code  Gb  stm32f4xx_hal_rcc.o [1]
HAL_RCC_GetSysClockFreq
                        0x08002285    0x8e  Code  Wk  stm32f4xx_hal_rcc.o [1]
HAL_RCC_OscConfig       0x08001d29   0x3f6  Code  Wk  stm32f4xx_hal_rcc.o [1]
HAL_SYSTICK_CLKSourceConfig
                        0x08000ff5    0x20  Code  Gb  stm32f4xx_hal_cortex.o [1]
HAL_SYSTICK_Callback    0x08001041     0x2  Code  Wk  stm32f4xx_hal_cortex.o [1]
HAL_SYSTICK_Config      0x08000fe9     0xc  Code  Gb  stm32f4xx_hal_cortex.o [1]
HAL_SYSTICK_IRQHandler  0x08001039     0x8  Code  Gb  stm32f4xx_hal_cortex.o [1]
HAL_UART_Init           0x08001845    0x76  Code  Gb  stm32f4xx_hal_uart.o [1]
HAL_UART_MspInit        0x08000943    0x4c  Code  Gb  stm32f4xx_hal_msp.o [1]
HAL_UART_Transmit       0x080018bb    0xde  Code  Gb  stm32f4xx_hal_uart.o [1]
HardFault_Handler       0x0800260f     0x2  Code  Gb  stm32f4xx_it.o [1]
MX_ADC1_Init            0x08001527    0x84  Code  Lc  main.o [1]
MX_DMA_Init             0x080015f5    0x30  Code  Lc  main.o [1]
MX_GPIO_Init            0x08001625    0xba  Code  Lc  main.o [1]
MX_USART1_UART_Init     0x080015ab    0x4a  Code  Lc  main.o [1]
MemManage_Handler       0x08002611     0x2  Code  Gb  stm32f4xx_it.o [1]
NMI_Handler             0x0800260d     0x2  Code  Gb  stm32f4xx_it.o [1]
NVIC_EnableIRQ          0x08000f01    0x14  Code  Lc  stm32f4xx_hal_cortex.o [1]
NVIC_EncodePriority     0x08000f3b    0x3e  Code  Lc  stm32f4xx_hal_cortex.o [1]
NVIC_GetPriorityGrouping
                        0x08000ef7     0xa  Code  Lc  stm32f4xx_hal_cortex.o [1]
NVIC_SetPriority        0x08000f15    0x26  Code  Lc  stm32f4xx_hal_cortex.o [1]
NVIC_SetPriorityGrouping
                        0x08000ed9    0x1e  Code  Lc  stm32f4xx_hal_cortex.o [1]
PendSV_Handler          0x0800261b     0x2  Code  Gb  stm32f4xx_it.o [1]
Region$$Table$$Base     0x080026b8           --   Gb  - Linker created -
Region$$Table$$Limit    0x080026dc           --   Gb  - Linker created -
SVC_Handler             0x08002617     0x2  Code  Gb  stm32f4xx_it.o [1]
Send_Int                0x08001361   0x104  Code  Gb  main.o [1]
Send_Signal             0x08001311    0x50  Code  Gb  main.o [1]
SysTick_Config          0x08000f79    0x30  Code  Lc  stm32f4xx_hal_cortex.o [1]
SysTick_Handler         0x0800261d     0xc  Code  Gb  stm32f4xx_it.o [1]
SystemClock_Config      0x08001465    0xc2  Code  Gb  main.o [1]
SystemCoreClock         0x20000008     0x4  Data  Gb  system_stm32f4xx.o [1]
SystemInit              0x08002561    0x4c  Code  Gb  system_stm32f4xx.o [1]
UART_SetConfig          0x08001a09   0x312  Code  Lc  stm32f4xx_hal_uart.o [1]
UART_WaitOnFlagUntilTimeout
                        0x08001999    0x70  Code  Lc  stm32f4xx_hal_uart.o [1]
UsageFault_Handler      0x08002615     0x2  Code  Gb  stm32f4xx_it.o [1]
_Error_Handler          0x08001725     0x2  Code  Gb  main.o [1]
__aeabi_ldiv0           0x08002475          Code  Gb  I64DivZer.o [5]
__aeabi_uldivmod        0x08002385          Code  Gb  I64DivMod.o [5]
__cmain                 0x080026dd          Code  Gb  cmain.o [5]
__exit                  0x0800270d    0x14  Code  Gb  exit.o [6]
__iar_copy_init3        0x08002641    0x2c  Code  Gb  copy_init3.o [5]
__iar_data_init3        0x0800266d    0x28  Code  Gb  data_init.o [5]
__iar_init_vfp          0x08002695          Code  Gb  fpinit_M.o [4]
__iar_program_start     0x08002751          Code  Gb  cstartup_M.o [5]
__iar_unaligned___aeabi_memcpy
                        0x080017cd          Code  Gb  ABImemcpy_unaligned.o [5]
__iar_unaligned___aeabi_memcpy4
                        0x080017ed          Code  Gb  ABImemcpy_unaligned.o [5]
__iar_unaligned___aeabi_memcpy8
                        0x080017ed          Code  Gb  ABImemcpy_unaligned.o [5]
__iar_zero_init3        0x080025cd    0x40  Code  Gb  zero_init3.o [5]
__low_level_init        0x080026f7     0x4  Code  Gb  low_level_init.o [3]
__vector_table          0x08000000          Data  Gb  startup_stm32f411xe.o [1]
_call_main              0x080026e9          Code  Gb  cmain.o [5]
_exit                   0x08002701          Code  Gb  cexit.o [5]
_main                   0x080026f3          Code  Gb  cmain.o [5]
exit                    0x080026fb     0x4  Code  Gb  exit.o [3]
hadc1                   0x2000a0b0    0x48  Data  Gb  main.o [1]
hdma_adc1               0x2000a050    0x60  Data  Gb  main.o [1]
huart1                  0x2000a0f8    0x40  Data  Gb  main.o [1]
lenght_signal           0x20000000     0x4  Data  Gb  main.o [1]
main                    0x08001289    0x42  Code  Gb  main.o [1]
uwTick                  0x2000a138     0x4  Data  Gb  stm32f4xx_hal.o [1]
uwTickFreq              0x2000000c     0x1  Data  Gb  stm32f4xx_hal.o [1]
uwTickPrio              0x20000004     0x4  Data  Gb  stm32f4xx_hal.o [1]
uz_signal               0x20000410  0x9c40  Data  Gb  main.o [1]


[1] = C:\ВУЗ\Аспирантура\УЗ_сист\STM32\Oscilograf\STM32F411_Oscilograf_11_05_2020_2\STM32F411_Receiver\EWARM\STM32F411_Receiver\Obj
[2] = command line
[3] = dl7M_tlf.a
[4] = m7M_tls.a
[5] = rt7M_tl.a
[6] = shb_l.a

   9 992 bytes of readonly  code memory
     324 bytes of readonly  data memory
  41 273 bytes of readwrite data memory

Errors: none
Warnings: none
